Component: ARM Compiler 5.06 update 1 (build 61) Tool: armlink [4d35a8]

==============================================================================

Section Cross References

    main.o(.rev16_text) refers (Special) to use_no_semi.o(.text) for __use_no_semihosting_swi
    main.o(.revsh_text) refers (Special) to use_no_semi.o(.text) for __use_no_semihosting_swi
    main.o(.rrx_text) refers (Special) to use_no_semi.o(.text) for __use_no_semihosting_swi
    main.o(i.main) refers (Special) to use_no_semi.o(.text) for __use_no_semihosting_swi
    main.o(i.main) refers to main.o(i.run_timer1) for run_timer1
    main.o(i.main) refers to uart.o(i.dk_uart_init) for dk_uart_init
    main.o(i.main) refers to chart.o(i.chart_init) for chart_init
    main.o(i.main) refers to chart.o(i.chart_draw) for chart_draw
    main.o(i.main) refers to gui_controller.o(i.generate_stats) for generate_stats
    main.o(i.main) refers to gui.o(i.gui_redraw) for gui_redraw
    main.o(i.main) refers to gui.o(i.gui_react_to_joy) for gui_react_to_joy
    main.o(i.main) refers to config.o(.bss) for config
    main.o(i.main) refers to main.o(.data) for osc
    main.o(i.main) refers to config.o(.data) for stats_enabled
    main.o(i.run_timer1) refers (Special) to use_no_semi.o(.text) for __use_no_semihosting_swi
    main.o(.data) refers (Special) to use_no_semi.o(.text) for __use_no_semihosting_swi
    main.o(.data) refers to ad_prober.o(i.ad_prober_init) for ad_prober_init
    main.o(.data) refers to ad_prober.o(i.ad_channel_plug) for ad_channel_plug
    main.o(.data) refers to ad_prober.o(i.osc_ad_unplug) for osc_ad_unplug
    main.o(.data) refers to ad_prober.o(i.ad_reinit) for ad_reinit
    main.o(.data) refers to osc.o(i.osc_init) for osc_init
    main.o(.data) refers to osc.o(i.osc_digital_trig) for osc_digital_trig
    main.o(.data) refers to osc.o(i.osc_meas) for osc_meas
    main.o(.data) refers to osc.o(i.osc_statistics) for osc_statistics
    main.o(.data) refers to uart.o(i.uart_check_sw) for uart_check_sw
    main.o(.data) refers to uart.o(i.uart_exec_comm) for uart_exec_comm
    ad_prober.o(i.ADC_IRQHandler) refers to ad_prober.o(i.median_filter_p) for median_filter_p
    ad_prober.o(i.ADC_IRQHandler) refers to dfixu.o(x$fpl$dfixu) for __aeabi_d2uiz
    ad_prober.o(i.ADC_IRQHandler) refers to ad_prober.o(i.ad_digital_trig) for ad_digital_trig
    ad_prober.o(i.ADC_IRQHandler) refers to config.o(.bss) for config
    ad_prober.o(i.ADC_IRQHandler) refers to ad_prober.o(.data) for n
    ad_prober.o(i.ad_channel_plug) refers to ad_prober.o(.data) for osc_ad_prober
    ad_prober.o(i.ad_prober_init) refers to pin_lpc17xx.o(i.PIN_Configure) for PIN_Configure
    ad_prober.o(i.ad_prober_init) refers to system_lpc17xx.o(.data) for SystemCoreClock
    ad_prober.o(i.ad_prober_init) refers to ad_prober.o(.data) for osc_ad_prober
    ad_prober.o(i.ad_reinit) refers to config.o(i.freq) for freq
    ad_prober.o(i.ad_reinit) refers to fmul.o(x$fpl$fmul) for __aeabi_fmul
    ad_prober.o(i.ad_reinit) refers to ffixu.o(x$fpl$ffixu) for __aeabi_f2uiz
    ad_prober.o(i.ad_reinit) refers to sci.o(i.sci_get) for sci_get
    ad_prober.o(i.ad_reinit) refers to f2d.o(x$fpl$f2d) for __aeabi_f2d
    ad_prober.o(i.ad_reinit) refers to ddiv.o(x$fpl$ddiv) for __aeabi_ddiv
    ad_prober.o(i.ad_reinit) refers to dmul.o(x$fpl$dmul) for __aeabi_dmul
    ad_prober.o(i.ad_reinit) refers to dfixu.o(x$fpl$dfixu) for __aeabi_d2uiz
    ad_prober.o(i.ad_reinit) refers to dflt_clz.o(x$fpl$dfltu) for __aeabi_ui2d
    ad_prober.o(i.ad_reinit) refers to ad_prober.o(.data) for n
    ad_prober.o(i.ad_reinit) refers to osc.o(.data) for meas_done
    ad_prober.o(i.ad_reinit) refers to config.o(.bss) for config
    ad_prober.o(i.median_filter_p) refers to osc.o(i.dk_abs) for dk_abs
    ad_prober.o(i.median_filter_p) refers to config.o(.bss) for config
    ad_prober.o(.data) refers to ad_prober.o(i.ad_prober_init) for ad_prober_init
    ad_prober.o(.data) refers to ad_prober.o(i.ad_channel_plug) for ad_channel_plug
    ad_prober.o(.data) refers to ad_prober.o(i.osc_ad_unplug) for osc_ad_unplug
    ad_prober.o(.data) refers to ad_prober.o(i.ad_reinit) for ad_reinit
    ad_prober.o(.data) refers to probe_trig.o(i.init_TC0_1) for init_TC0_1
    ad_prober.o(.data) refers to probe_trig.o(i.set_TC0_1_match) for set_TC0_1_match
    ad_prober.o(.data) refers to probe_trig.o(i.clear_TC0_1) for clear_TC0_1
    ad_prober.o(.data) refers to probe_trig.o(i.plug) for plug
    ad_prober.o(.data) refers to probe_trig.o(i.unplug) for unplug
    ad_prober.o(.data) refers to probe_trig.o(i.get_frec) for get_frec
    ad_prober.o(.data) refers to osc.o(i.osc_init) for osc_init
    ad_prober.o(.data) refers to osc.o(i.osc_digital_trig) for osc_digital_trig
    ad_prober.o(.data) refers to osc.o(i.osc_meas) for osc_meas
    ad_prober.o(.data) refers to osc.o(i.osc_statistics) for osc_statistics
    probe_trig.o(i.get_frec) refers to probe_trig.o(.data) for osc_probe_trig
[...]
    .ARM.Collect$$rtexit$$00000004           0x000001aa   Section        6  rtexit2.o(.ARM.Collect$$rtexit$$00000004)
    .text                                    0x000001b0   Section       60  startup_lpc17xx.o(.text)
    .text                                    0x000001ec   Section        2  use_no_semi.o(.text)
    .text                                    0x000001f0   Section        0  noretval__2printf.o(.text)
    .text                                    0x00000208   Section        0  __printf.o(.text)
    .text                                    0x00000270   Section        0  _printf_dec.o(.text)
    .text                                    0x000002e8   Section        0  heapauxi.o(.text)
    .text                                    0x000002f0   Section        8  rt_errno_addr_intlibspace.o(.text)
    i.__mathlib_dbl_infnan2                  0x000002f8   Section        0  dunder.o(i.__mathlib_dbl_infnan2)
    .ARM.__at_0x02FC                         0x000002fc   Section        4  startup_lpc17xx.o(.ARM.__at_0x02FC)
    .text                                    0x00000300   Section        0  strcpy.o(.text)
    .text                                    0x00000348   Section      138  rt_memcpy_v6.o(.text)
    .text                                    0x000003d2   Section       86  strncpy.o(.text)
    .text                                    0x00000428   Section      128  strcmpv7m.o(.text)
    .text                                    0x000004a8   Section        0  _rserrno.o(.text)
    .text                                    0x000004be   Section        0  _printf_intcommon.o(.text)
    .text                                    0x00000570   Section        0  _printf_char_file.o(.text)
    .text                                    0x00000594   Section      100  rt_memcpy_w.o(.text)
    .text                                    0x000005f8   Section       68  rt_memclr.o(.text)
    .text                                    0x0000063c   Section        0  _printf_char_common.o(.text)
    _printf_input_char                       0x0000063d   Thumb Code    10  _printf_char_common.o(.text)
    .text                                    0x0000066c   Section        0  ferror.o(.text)
    .text                                    0x00000674   Section       78  rt_memclr_w.o(.text)
    .text                                    0x000006c4   Section        8  libspace.o(.text)
    .text                                    0x000006cc   Section       74  sys_stackheap_outer.o(.text)
    .text                                    0x00000716   Section        0  exit.o(.text)
    i.ADC_IRQHandler                         0x00000728   Section        0  ad_prober.o(i.ADC_IRQHandler)
    i.EINT0_IRQHandler                       0x000008a0   Section        0  gui.o(i.EINT0_IRQHandler)
    i.EINT1_IRQHandler                       0x000008d0   Section        0  gui.o(i.EINT1_IRQHandler)
    i.EINT2_IRQHandler                       0x00000900   Section        0  gui.o(i.EINT2_IRQHandler)
    i.GPIO_PinRead                           0x00000930   Section        0  gpio_lpc17xx.o(i.GPIO_PinRead)
    i.GPIO_PortClock                         0x00000950   Section        0  gpio_lpc17xx.o(i.GPIO_PortClock)
    i.GPIO_SetDir                            0x0000097c   Section        0  gpio_lpc17xx.o(i.GPIO_SetDir)
    i.GetASCIICode                           0x000009b4   Section        0  asciilib.o(i.GetASCIICode)
    i.Joystick_GetState                      0x000009d4   Section        0  joystick_landtiger.o(i.Joystick_GetState)
    i.Joystick_Initialize                    0x00000a30   Section        0  joystick_landtiger.o(i.Joystick_Initialize)
    i.LCD_SetCursor                          0x00000a78   Section        0  lcd.o(i.LCD_SetCursor)
    LCD_SetCursor                            0x00000a79   Thumb Code   346  lcd.o(i.LCD_SetCursor)
    i.NVIC_EnableIRQ                         0x00000bd8   Section        0  gui.o(i.NVIC_EnableIRQ)
    NVIC_EnableIRQ                           0x00000bd9   Thumb Code    22  gui.o(i.NVIC_EnableIRQ)
    i.PIN_Configure                          0x00000bf0   Section        0  pin_lpc17xx.o(i.PIN_Configure)
    i.SysTick_Handler                        0x00000cec   Section        0  gui.o(i.SysTick_Handler)
    i.SystemInit                             0x00000df0   Section        0  system_lpc17xx.o(i.SystemInit)
    i.UART2_IRQHandler                       0x00000f30   Section        0  uart.o(i.UART2_IRQHandler)
    i.__ARM_fpclassify                       0x00000f80   Section        0  fpclassify.o(i.__ARM_fpclassify)
    i.__kernel_poly                          0x00000fa8   Section        0  poly.o(i.__kernel_poly)
    i.__mathlib_dbl_divzero                  0x00001054   Section        0  dunder.o(i.__mathlib_dbl_divzero)
    i.__mathlib_dbl_invalid                  0x00001064   Section        0  dunder.o(i.__mathlib_dbl_invalid)
    i.__mathlib_dbl_overflow                 0x00001070   Section        0  dunder.o(i.__mathlib_dbl_overflow)
    i.__mathlib_dbl_underflow                0x00001080   Section        0  dunder.o(i.__mathlib_dbl_underflow)
    i._sys_exit                              0x00001090   Section        0  retarget.o(i._sys_exit)
    i.ad_channel_plug                        0x00001094   Section        0  ad_prober.o(i.ad_channel_plug)
    i.ad_digital_trig                        0x000010d4   Section        0  ad_prober.o(i.ad_digital_trig)
    i.ad_prober_init                         0x00001118   Section        0  ad_prober.o(i.ad_prober_init)
    i.ad_reinit                              0x00001208   Section        0  ad_prober.o(i.ad_reinit)
    i.chart_draw                             0x00001380   Section        0  chart.o(i.chart_draw)
    i.chart_draw_trig                        0x000017e4   Section        0  chart.o(i.chart_draw_trig)
    i.chart_init                             0x0000198c   Section        0  chart.o(i.chart_init)
    i.chart_mesh                             0x000019b8   Section        0  chart.o(i.chart_mesh)
    i.chart_set_trig                         0x00001a1c   Section        0  chart.o(i.chart_set_trig)
    i.chart_sub_mesh                         0x00001aa8   Section        0  chart.o(i.chart_sub_mesh)
    i.clear_TC0_1                            0x00001ad4   Section        0  probe_trig.o(i.clear_TC0_1)
    i.delay_ms                               0x00001afc   Section        0  lcd.o(i.delay_ms)
    delay_ms                                 0x00001afd   Thumb Code    30  lcd.o(i.delay_ms)
    i.digital_trig                           0x00001b1c   Section        0  osc.o(i.digital_trig)
    i.dk_abs                                 0x00001c40   Section        0  osc.o(i.dk_abs)
    i.dk_fabs                                0x00001c4e   Section        0  osc.o(i.dk_fabs)
    i.dk_transmit                            0x00001c70   Section        0  uart.o(i.dk_transmit)
    i.dk_uart_init                           0x00001d20   Section        0  uart.o(i.dk_uart_init)
    i.fputc                                  0x00001dbc   Section        0  retarget.o(i.fputc)
    i.freq                                   0x00001ddc   Section        0  config.o(i.freq)
    i.ftoa                                   0x00001e20   Section        0  caster.o(i.ftoa)
    i.ftoa_units                             0x00001eb4   Section        0  caster.o(i.ftoa_units)
    i.generate_ch1                           0x00001f80   Section        0  gui_controller.o(i.generate_ch1)
    i.generate_ch2                           0x00001fc4   Section        0  gui_controller.o(i.generate_ch2)
    i.generate_dt                            0x0000200c   Section        0  gui_controller.o(i.generate_dt)
    i.generate_dv                            0x00002074   Section        0  gui_controller.o(i.generate_dv)
    i.generate_options                       0x000020e4   Section        0  gui_controller.o(i.generate_options)
    i.generate_stats                         0x00002598   Section        0  gui_controller.o(i.generate_stats)
    i.get_frec                               0x000029ec   Section        0  probe_trig.o(i.get_frec)
    i.gui_init                               0x000029f8   Section        0  gui.o(i.gui_init)
    i.gui_int0                               0x00002ad8   Section        0  gui_controller.o(i.gui_int0)
    i.gui_joy_center                         0x00002b4c   Section        0  gui_controller.o(i.gui_joy_center)
    i.gui_joy_down                           0x00002b50   Section        0  gui_controller.o(i.gui_joy_down)
    i.gui_joy_left                           0x00002d6c   Section        0  gui_controller.o(i.gui_joy_left)
    i.gui_joy_right                          0x00002da0   Section        0  gui_controller.o(i.gui_joy_right)
    i.gui_joy_up                             0x00002dd4   Section        0  gui_controller.o(i.gui_joy_up)
    i.gui_key1                               0x00002ffc   Section        0  gui_controller.o(i.gui_key1)
    i.gui_key2                               0x00003060   Section        0  gui_controller.o(i.gui_key2)
    i.gui_react_to_joy                       0x000030c0   Section        0  gui.o(i.gui_react_to_joy)
    i.gui_redraw                             0x00003290   Section        0  gui.o(i.gui_redraw)
    i.gui_sci_decrease                       0x000033c8   Section        0  gui.o(i.gui_sci_decrease)
    i.gui_sci_increase                       0x000033f4   Section        0  gui.o(i.gui_sci_increase)
    i.init_TC0_1                             0x00003420   Section        0  probe_trig.o(i.init_TC0_1)
    i.itoa                                   0x00003484   Section        0  caster.o(i.itoa)
    i.lcd_clear                              0x000034d0   Section        0  lcd.o(i.lcd_clear)
    i.lcd_clear_all                          0x00003648   Section        0  lcd.o(i.lcd_clear_all)
    i.lcd_drawLine                           0x0000365e   Section        0  lcd.o(i.lcd_drawLine)
    i.lcd_drawPoint                          0x00003730   Section        0  lcd.o(i.lcd_drawPoint)
    i.lcd_init                               0x00003874   Section        0  lcd.o(i.lcd_init)
    i.lcd_printChar                          0x00006530   Section        0  lcd.o(i.lcd_printChar)
    i.lcd_printNText                         0x00006594   Section        0  lcd.o(i.lcd_printNText)
    i.lcd_setClippingRegion                  0x000065e8   Section        0  lcd.o(i.lcd_setClippingRegion)
    i.lcd_unsetClippingRegion                0x000068c8   Section        0  lcd.o(i.lcd_unsetClippingRegion)
    i.main                                   0x00006b58   Section        0  main.o(i.main)
    i.median_filter_p                        0x00006c58   Section        0  ad_prober.o(i.median_filter_p)
    i.osc_ad_unplug                          0x00006cf4   Section        0  ad_prober.o(i.osc_ad_unplug)
    i.osc_digital_trig                       0x00006d08   Section        0  osc.o(i.osc_digital_trig)
    i.osc_init                               0x00006d74   Section        0  osc.o(i.osc_init)
    i.osc_meas                               0x00006da8   Section        0  osc.o(i.osc_meas)
    i.osc_statistics                         0x00006dd8   Section        0  osc.o(i.osc_statistics)
    i.plug                                   0x00006e60   Section        0  probe_trig.o(i.plug)
    i.pow                                    0x00006e7c   Section        0  pow.o(i.pow)
    i.regenerate                             0x00007854   Section        0  gui_controller.o(i.regenerate)
    i.reverse                                0x0000786c   Section        0  caster.o(i.reverse)
    i.run_timer1                             0x00007888   Section        0  main.o(i.run_timer1)
    i.sci_decrease                           0x000078c4   Section        0  sci.o(i.sci_decrease)
    i.sci_decrease_n                         0x000078f0   Section        0  sci.o(i.sci_decrease_n)
    i.sci_get                                0x00007914   Section        0  sci.o(i.sci_get)
    i.sci_increase                           0x00007954   Section        0  sci.o(i.sci_increase)
    i.sci_increase_n                         0x00007980   Section        0  sci.o(i.sci_increase_n)
    i.scitoa                                 0x000079a4   Section        0  caster.o(i.scitoa)
    i.set_TC0_1_match                        0x00007a40   Section        0  probe_trig.o(i.set_TC0_1_match)
    i.sqrt                                   0x00007a7c   Section        0  sqrt.o(i.sqrt)
    i.stat_get                               0x00007ac8   Section        0  osc.o(i.stat_get)
    i.stat_set                               0x00007afe   Section        0  osc.o(i.stat_set)
    i.statistics                             0x00007b60   Section        0  osc.o(i.statistics)
    i.uart_check_sw                          0x00007fa0   Section        0  uart.o(i.uart_check_sw)
    i.uart_exec_comm                         0x00008018   Section        0  uart.o(i.uart_exec_comm)
    i.unplug                                 0x00008144   Section        0  probe_trig.o(i.unplug)
    i.wait_delay                             0x00008160   Section        0  lcd.o(i.wait_delay)
    wait_delay                               0x00008161   Thumb Code    12  lcd.o(i.wait_delay)
    x$fpl$d2f                                0x0000816c   Section       98  d2f.o(x$fpl$d2f)
    x$fpl$dadd                               0x000081d0   Section      336  daddsub_clz.o(x$fpl$dadd)
    _dadd1                                   0x000081e1   Thumb Code     0  daddsub_clz.o(x$fpl$dadd)
    x$fpl$dcheck1                            0x00008320   Section       16  dcheck1.o(x$fpl$dcheck1)
    x$fpl$dcmpinf                            0x00008330   Section       24  dcmpi.o(x$fpl$dcmpinf)
    x$fpl$ddiv                               0x00008348   Section      688  ddiv.o(x$fpl$ddiv)
    ddiv_entry                               0x0000834f   Thumb Code     0  ddiv.o(x$fpl$ddiv)
    x$fpl$deqf                               0x000085f8   Section      120  deqf.o(x$fpl$deqf)
    x$fpl$dfixu                              0x00008670   Section       90  dfixu.o(x$fpl$dfixu)
    x$fpl$dflt                               0x000086ca   Section       46  dflt_clz.o(x$fpl$dflt)
    x$fpl$dfltu                              0x000086f8   Section       38  dflt_clz.o(x$fpl$dfltu)
    x$fpl$dleqf                              0x00008720   Section      120  dleqf.o(x$fpl$dleqf)
    x$fpl$dmul                               0x00008798   Section      340  dmul.o(x$fpl$dmul)
    x$fpl$dnaninf                            0x000088ec   Section      156  dnaninf.o(x$fpl$dnaninf)
    x$fpl$dretinf                            0x00008988   Section       12  dretinf.o(x$fpl$dretinf)
    x$fpl$drleqf                             0x00008994   Section      108  drleqf.o(x$fpl$drleqf)
    x$fpl$drsb                               0x00008a00   Section       22  daddsub_clz.o(x$fpl$drsb)
    x$fpl$dsqrt                              0x00008a18   Section      460  dsqrt_noumaal.o(x$fpl$dsqrt)
    x$fpl$dsub                               0x00008be4   Section      468  daddsub_clz.o(x$fpl$dsub)
    _dsub1                                   0x00008bf5   Thumb Code     0  daddsub_clz.o(x$fpl$dsub)
    x$fpl$f2d                                0x00008db8   Section       86  f2d.o(x$fpl$f2d)
    x$fpl$fadd                               0x00008e10   Section      196  faddsub_clz.o(x$fpl$fadd)
    _fadd1                                   0x00008e1f   Thumb Code     0  faddsub_clz.o(x$fpl$fadd)
    x$fpl$fcmpinf                            0x00008ed4   Section       24  fcmpi.o(x$fpl$fcmpinf)
    x$fpl$ffix                               0x00008eec   Section       54  ffix.o(x$fpl$ffix)
    x$fpl$ffixu                              0x00008f24   Section       62  ffixu.o(x$fpl$ffixu)
    x$fpl$fflt                               0x00008f64   Section       48  fflt_clz.o(x$fpl$fflt)
    x$fpl$ffltu                              0x00008f94   Section       38  fflt_clz.o(x$fpl$ffltu)
    x$fpl$fleqf                              0x00008fbc   Section      104  fleqf.o(x$fpl$fleqf)
    x$fpl$fmul                               0x00009024   Section      258  fmul.o(x$fpl$fmul)
    x$fpl$fnaninf                            0x00009126   Section      140  fnaninf.o(x$fpl$fnaninf)
    x$fpl$fretinf                            0x000091b2   Section       10  fretinf.o(x$fpl$fretinf)
    x$fpl$frleqf                             0x000091bc   Section       98  frleqf.o(x$fpl$frleqf)
    x$fpl$frsb                               0x0000921e   Section       20  faddsub_clz.o(x$fpl$frsb)
    x$fpl$fsub                               0x00009234   Section      234  faddsub_clz.o(x$fpl$fsub)
    _fsub1                                   0x00009243   Thumb Code     0  faddsub_clz.o(x$fpl$fsub)
    x$fpl$retnan                             0x0000931e   Section      100  retnan.o(x$fpl$retnan)
    x$fpl$scalbn                             0x00009382   Section       92  scalbn.o(x$fpl$scalbn)
    x$fpl$trapveneer                         0x000093de   Section       48  trapv.o(x$fpl$trapveneer)
    .constdata                               0x0000940e   Section        4  chart.o(.constdata)
    x$fpl$usenofp                            0x0000940e   Section        0  usenofp.o(x$fpl$usenofp)
    .constdata                               0x00009412   Section     1520  asciilib.o(.constdata)
    AsciiLib                                 0x00009412   Data        1520  asciilib.o(.constdata)
    .constdata                               0x00009a04   Section       25  caster.o(.constdata)
    .constdata                               0x00009a1d   Section       10  joystick_landtiger.o(.constdata)
    .constdata                               0x00009a28   Section      136  pow.o(.constdata)
    bp                                       0x00009a28   Data          16  pow.o(.constdata)
    dp_h                                     0x00009a38   Data          16  pow.o(.constdata)
    dp_l                                     0x00009a48   Data          16  pow.o(.constdata)
    L                                        0x00009a58   Data          48  pow.o(.constdata)
    P                                        0x00009a88   Data          40  pow.o(.constdata)
    .constdata                               0x00009ab0   Section        8  qnan.o(.constdata)
    .conststring                             0x00009ab8   Section       17  caster.o(.conststring)
    .data                                    0x10000000   Section       80  main.o(.data)
    osc_ad_prober                            0x10000000   Data          48  main.o(.data)
    osc                                      0x10000030   Data          20  main.o(.data)
    osc_uart                                 0x10000044   Data           8  main.o(.data)
    .data                                    0x10000050   Section      101  ad_prober.o(.data)
    osc_ad_prober                            0x10000050   Data          48  ad_prober.o(.data)
    osc_probe_trig                           0x10000080   Data          28  ad_prober.o(.data)
    osc                                      0x1000009c   Data          20  ad_prober.o(.data)
    .data                                    0x100000b8   Section       80  probe_trig.o(.data)
    osc_probe_trig                           0x100000b8   Data          28  probe_trig.o(.data)
    osc_ad_prober                            0x100000d8   Data          48  probe_trig.o(.data)
    .data                                    0x10000108   Section        8  retarget.o(.data)
    .data                                    0x10000110   Section       84  uart.o(.data)
    osc_uart                                 0x10000110   Data           8  uart.o(.data)
    osc_ad_prober                            0x10000118   Data          48  uart.o(.data)
    osc                                      0x10000148   Data          20  uart.o(.data)
    .data                                    0x10000168   Section       97  chart.o(.data)
    osc_ad_prober                            0x10000168   Data          48  chart.o(.data)
    osc                                      0x10000198   Data          20  chart.o(.data)
    .data                                    0x100001cc   Section       46  gui.o(.data)
    .data                                    0x10000200   Section       69  gui_controller.o(.data)
    osc_ad_prober                            0x10000200   Data          48  gui_controller.o(.data)
    osc                                      0x10000230   Data          20  gui_controller.o(.data)
    .data                                    0x10000248   Section        4  lcd.o(.data)
    .data                                    0x10000250   Section       51  config.o(.data)
    osc_ad_prober                            0x10000250   Data          48  config.o(.data)
    .data                                    0x10000288   Section       97  osc.o(.data)
    osc_ad_prober                            0x10000288   Data          48  osc.o(.data)
    osc                                      0x100002b8   Data          20  osc.o(.data)
    osc_probe_trig                           0x100002cc   Data          28  osc.o(.data)
    .data                                    0x100002ec   Section        4  system_lpc17xx.o(.data)
    .bss                                     0x100002f0   Section       17  uart.o(.bss)
    .bss                                     0x10000302   Section     1280  chart.o(.bss)
    .bss                                     0x10000802   Section       96  gui.o(.bss)
    .bss                                     0x10000864   Section     2620  config.o(.bss)
    .bss                                     0x100012a0   Section      288  osc.o(.bss)
    .bss                                     0x100013c0   Section       96  libspace.o(.bss)
    HEAP                                     0x10001420   Section        0  startup_lpc17xx.o(HEAP)
    STACK                                    0x10001420   Section      592  startup_lpc17xx.o(STACK)
    Heap_Mem                                 0x10001420   Data           0  startup_lpc17xx.o(HEAP)
    Stack_Mem                                0x10001420   Data         592  startup_lpc17xx.o(STACK)
    __initial_sp                             0x10001670   Data           0  startup_lpc17xx.o(STACK)

    Global Symbols

    Symbol Name                              Value     Ov Type        Size  Object(Section)

    BuildAttributes$$THM_ISAv4$P$D$K$B$S$PE$A:L22UL41UL21$X:L11$S22US41US21$IEEE1$IW$USESV6$~STKCKD$USESV7$~SHL$OTIME$ROPI$IEEEX$EBA8$UX$STANDARDLIB$REQ8$PRES8$EABIv2 0x00000000   Number         0  anon$$obj.o ABSOLUTE
    __ARM_use_no_argv                        0x00000000   Number         0  main.o ABSOLUTE
    __Vectors                                0x00000000   Data           4  startup_lpc17xx.o(RESET)
    __ARM_exceptions_init                     - Undefined Weak Reference
    __alloca_initialize                       - Undefined Weak Reference
    __arm_preinit_                            - Undefined Weak Reference
    __cpp_initialize__aeabi_                  - Undefined Weak Reference
    __cxa_finalize                            - Undefined Weak Reference
    __rt_locale                               - Undefined Weak Reference
    __sigvec_lookup                           - Undefined Weak Reference
    _atexit_init                              - Undefined Weak Reference
    _call_atexit_fns                          - Undefined Weak Reference
    _clock_init                               - Undefined Weak Reference
    _fp_trap_init                             - Undefined Weak Reference
    _fp_trap_shutdown                         - Undefined Weak Reference
    _get_lc_collate                           - Undefined Weak Reference
    _get_lc_ctype                             - Undefined Weak Reference
    _get_lc_monetary                          - Undefined Weak Reference
    _get_lc_numeric                           - Undefined Weak Reference
    _get_lc_time                              - Undefined Weak Reference
    _getenv_init                              - Undefined Weak Reference
    _handle_redirection                       - Undefined Weak Reference
    _init_alloc                               - Undefined Weak Reference
    _init_user_alloc                          - Undefined Weak Reference
    _initio                                   - Undefined Weak Reference
    _mutex_acquire                            - Undefined Weak Reference
    _mutex_release                            - Undefined Weak Reference
    _printf_post_padding                      - Undefined Weak Reference
    _printf_pre_padding                       - Undefined Weak Reference
    _printf_truncate_signed                   - Undefined Weak Reference
    _printf_truncate_unsigned                 - Undefined Weak Reference
    _rand_init                                - Undefined Weak Reference
    _signal_finish                            - Undefined Weak Reference
    _signal_init                              - Undefined Weak Reference
    _terminate_alloc                          - Undefined Weak Reference
    _terminate_user_alloc                     - Undefined Weak Reference
    _terminateio                              - Undefined Weak Reference
    __main                                   0x000000cd   Thumb Code     8  __main.o(!!!main)
    __scatterload                            0x000000d5   Thumb Code     0  __scatter.o(!!!scatter)
    __scatterload_rt2                        0x000000d5   Thumb Code    44  __scatter.o(!!!scatter)
    __scatterload_rt2_thumb_only             0x000000d5   Thumb Code     0  __scatter.o(!!!scatter)
    __scatterload_null                       0x000000e3   Thumb Code     0  __scatter.o(!!!scatter)
    __decompress                             0x00000109   Thumb Code    90  __dczerorl2.o(!!dczerorl2)
    __decompress1                            0x00000109   Thumb Code     0  __dczerorl2.o(!!dczerorl2)
    __scatterload_zeroinit                   0x00000165   Thumb Code    28  __scatter_zi.o(!!handler_zi)
    _printf_percent                          0x00000181   Thumb Code     0  _printf_percent.o(.ARM.Collect$$_printf_percent$$00000000)
    _printf_u                                0x00000181   Thumb Code     0  _printf_u.o(.ARM.Collect$$_printf_percent$$0000000A)
    _printf_percent_end                      0x00000187   Thumb Code     0  _printf_percent_end.o(.ARM.Collect$$_printf_percent$$00000017)
    __rt_lib_init                            0x0000018b   Thumb Code     0  libinit.o(.ARM.Collect$$libinit$$00000000)
    __rt_lib_init_alloca_1                   0x0000018d   Thumb Code     0  libinit2.o(.ARM.Collect$$libinit$$0000002E)
    __rt_lib_init_argv_1                     0x0000018d   Thumb Code     0  libinit2.o(.ARM.Collect$$libinit$$0000002C)
    __rt_lib_init_atexit_1                   0x0000018d   Thumb Code     0  libinit2.o(.ARM.Collect$$libinit$$0000001B)
    __rt_lib_init_clock_1                    0x0000018d   Thumb Code     0  libinit2.o(.ARM.Collect$$libinit$$00000021)
    __rt_lib_init_cpp_1                      0x0000018d   Thumb Code     0  libinit2.o(.ARM.Collect$$libinit$$00000032)
    __rt_lib_init_exceptions_1               0x0000018d   Thumb Code     0  libinit2.o(.ARM.Collect$$libinit$$00000030)
    __rt_lib_init_fp_1                       0x0000018d   Thumb Code     0  libinit2.o(.ARM.Collect$$libinit$$00000002)
    __rt_lib_init_fp_trap_1                  0x0000018d   Thumb Code     0  libinit2.o(.ARM.Collect$$libinit$$0000001F)
    __rt_lib_init_getenv_1                   0x0000018d   Thumb Code     0  libinit2.o(.ARM.Collect$$libinit$$00000023)
    __rt_lib_init_heap_1                     0x0000018d   Thumb Code     0  libinit2.o(.ARM.Collect$$libinit$$0000000A)
    __rt_lib_init_lc_collate_1               0x0000018d   Thumb Code     0  libinit2.o(.ARM.Collect$$libinit$$00000011)
    __rt_lib_init_lc_ctype_1                 0x0000018d   Thumb Code     0  libinit2.o(.ARM.Collect$$libinit$$00000013)
    __rt_lib_init_lc_monetary_1              0x0000018d   Thumb Code     0  libinit2.o(.ARM.Collect$$libinit$$00000015)
    __rt_lib_init_lc_numeric_1               0x0000018d   Thumb Code     0  libinit2.o(.ARM.Collect$$libinit$$00000017)
    __rt_lib_init_lc_time_1                  0x0000018d   Thumb Code     0  libinit2.o(.ARM.Collect$$libinit$$00000019)
    __rt_lib_init_preinit_1                  0x0000018d   Thumb Code     0  libinit2.o(.ARM.Collect$$libinit$$00000004)
    __rt_lib_init_rand_1                     0x0000018d   Thumb Code     0  libinit2.o(.ARM.Collect$$libinit$$0000000E)
    __rt_lib_init_return                     0x0000018d   Thumb Code     0  libinit2.o(.ARM.Collect$$libinit$$00000033)
    __rt_lib_init_signal_1                   0x0000018d   Thumb Code     0  libinit2.o(.ARM.Collect$$libinit$$0000001D)
    __rt_lib_init_stdio_1                    0x0000018d   Thumb Code     0  libinit2.o(.ARM.Collect$$libinit$$00000025)
    __rt_lib_init_user_alloc_1               0x0000018d   Thumb Code     0  libinit2.o(.ARM.Collect$$libinit$$0000000C)
    __rt_lib_shutdown                        0x0000018f   Thumb Code     0  libshutdown.o(.ARM.Collect$$libshutdown$$00000000)
    __rt_lib_shutdown_cpp_1                  0x00000191   Thumb Code     0  libshutdown2.o(.ARM.Collect$$libshutdown$$00000002)
    __rt_lib_shutdown_fp_trap_1              0x00000191   Thumb Code     0  libshutdown2.o(.ARM.Collect$$libshutdown$$00000007)
    __rt_lib_shutdown_heap_1                 0x00000191   Thumb Code     0  libshutdown2.o(.ARM.Collect$$libshutdown$$0000000F)
    __rt_lib_shutdown_return                 0x00000191   Thumb Code     0  libshutdown2.o(.ARM.Collect$$libshutdown$$00000010)
    __rt_lib_shutdown_signal_1               0x00000191   Thumb Code     0  libshutdown2.o(.ARM.Collect$$libshutdown$$0000000A)
    __rt_lib_shutdown_stdio_1                0x00000191   Thumb Code     0  libshutdown2.o(.ARM.Collect$$libshutdown$$00000004)
    __rt_lib_shutdown_user_alloc_1           0x00000191   Thumb Code     0  libshutdown2.o(.ARM.Collect$$libshutdown$$0000000C)
    __rt_entry                               0x00000193   Thumb Code     0  __rtentry.o(.ARM.Collect$$rtentry$$00000000)
    __rt_entry_presh_1                       0x00000193   Thumb Code     0  __rtentry2.o(.ARM.Collect$$rtentry$$00000002)
    __rt_entry_sh                            0x00000193   Thumb Code     0  __rtentry4.o(.ARM.Collect$$rtentry$$00000004)
    __rt_entry_li                            0x00000199   Thumb Code     0  __rtentry2.o(.ARM.Collect$$rtentry$$0000000A)
    __rt_entry_postsh_1                      0x00000199   Thumb Code     0  __rtentry2.o(.ARM.Collect$$rtentry$$00000009)
    __rt_entry_main                          0x0000019d   Thumb Code     0  __rtentry2.o(.ARM.Collect$$rtentry$$0000000D)
    __rt_entry_postli_1                      0x0000019d   Thumb Code     0  __rtentry2.o(.ARM.Collect$$rtentry$$0000000C)
    __rt_exit                                0x000001a5   Thumb Code     0  rtexit.o(.ARM.Collect$$rtexit$$00000000)
    __rt_exit_ls                             0x000001a7   Thumb Code     0  rtexit2.o(.ARM.Collect$$rtexit$$00000003)
    __rt_exit_prels_1                        0x000001a7   Thumb Code     0  rtexit2.o(.ARM.Collect$$rtexit$$00000002)
    __rt_exit_exit                           0x000001ab   Thumb Code     0  rtexit2.o(.ARM.Collect$$rtexit$$00000004)
    Reset_Handler                            0x000001b1   Thumb Code     8  startup_lpc17xx.o(.text)
    NMI_Handler                              0x000001b9   Thumb Code     2  startup_lpc17xx.o(.text)
    HardFault_Handler                        0x000001bb   Thumb Code     2  startup_lpc17xx.o(.text)
    MemManage_Handler                        0x000001bd   Thumb Code     2  startup_lpc17xx.o(.text)
    BusFault_Handler                         0x000001bf   Thumb Code     2  startup_lpc17xx.o(.text)
    UsageFault_Handler                       0x000001c1   Thumb Code     2  startup_lpc17xx.o(.text)
    SVC_Handler                              0x000001c3   Thumb Code     2  startup_lpc17xx.o(.text)
    DebugMon_Handler                         0x000001c5   Thumb Code     2  startup_lpc17xx.o(.text)
    PendSV_Handler                           0x000001c7   Thumb Code     2  startup_lpc17xx.o(.text)
    BOD_IRQHandler                           0x000001cb   Thumb Code     0  startup_lpc17xx.o(.text)
    CANActivity_IRQHandler                   0x000001cb   Thumb Code     0  startup_lpc17xx.o(.text)
    CAN_IRQHandler                           0x000001cb   Thumb Code     0  startup_lpc17xx.o(.text)
    DMA_IRQHandler                           0x000001cb   Thumb Code     0  startup_lpc17xx.o(.text)
    EINT3_IRQHandler                         0x000001cb   Thumb Code     0  startup_lpc17xx.o(.text)
    ENET_IRQHandler                          0x000001cb   Thumb Code     0  startup_lpc17xx.o(.text)
    I2C0_IRQHandler                          0x000001cb   Thumb Code     0  startup_lpc17xx.o(.text)
    I2C1_IRQHandler                          0x000001cb   Thumb Code     0  startup_lpc17xx.o(.text)
    I2C2_IRQHandler                          0x000001cb   Thumb Code     0  startup_lpc17xx.o(.text)
    I2S_IRQHandler                           0x000001cb   Thumb Code     0  startup_lpc17xx.o(.text)
    MCPWM_IRQHandler                         0x000001cb   Thumb Code     0  startup_lpc17xx.o(.text)
    PLL0_IRQHandler                          0x000001cb   Thumb Code     0  startup_lpc17xx.o(.text)
    PLL1_IRQHandler                          0x000001cb   Thumb Code     0  startup_lpc17xx.o(.text)
    PWM1_IRQHandler                          0x000001cb   Thumb Code     0  startup_lpc17xx.o(.text)
    QEI_IRQHandler                           0x000001cb   Thumb Code     0  startup_lpc17xx.o(.text)
    RIT_IRQHandler                           0x000001cb   Thumb Code     0  startup_lpc17xx.o(.text)
    RTC_IRQHandler                           0x000001cb   Thumb Code     0  startup_lpc17xx.o(.text)
    SPI_IRQHandler                           0x000001cb   Thumb Code     0  startup_lpc17xx.o(.text)
    SSP0_IRQHandler                          0x000001cb   Thumb Code     0  startup_lpc17xx.o(.text)
    SSP1_IRQHandler                          0x000001cb   Thumb Code     0  startup_lpc17xx.o(.text)
    TIMER0_IRQHandler                        0x000001cb   Thumb Code     0  startup_lpc17xx.o(.text)
    TIMER1_IRQHandler                        0x000001cb   Thumb Code     0  startup_lpc17xx.o(.text)
    TIMER2_IRQHandler                        0x000001cb   Thumb Code     0  startup_lpc17xx.o(.text)
    TIMER3_IRQHandler                        0x000001cb   Thumb Code     0  startup_lpc17xx.o(.text)
    UART0_IRQHandler                         0x000001cb   Thumb Code     0  startup_lpc17xx.o(.text)
    UART1_IRQHandler                         0x000001cb   Thumb Code     0  startup_lpc17xx.o(.text)
    UART3_IRQHandler                         0x000001cb   Thumb Code     0  startup_lpc17xx.o(.text)
    USBActivity_IRQHandler                   0x000001cb   Thumb Code     0  startup_lpc17xx.o(.text)
    USB_IRQHandler                           0x000001cb   Thumb Code     0  startup_lpc17xx.o(.text)
    WDT_IRQHandler                           0x000001cb   Thumb Code     0  startup_lpc17xx.o(.text)
    __user_initial_stackheap                 0x000001cd   Thumb Code     0  startup_lpc17xx.o(.text)
    __I$use$semihosting                      0x000001ed   Thumb Code     0  use_no_semi.o(.text)
    __use_no_semihosting_swi                 0x000001ed   Thumb Code     2  use_no_semi.o(.text)
    __2printf                                0x000001f1   Thumb Code    20  noretval__2printf.o(.text)
    __printf                                 0x00000209   Thumb Code   104  __printf.o(.text)
    _printf_int_dec                          0x00000271   Thumb Code   104  _printf_dec.o(.text)
    __use_two_region_memory                  0x000002e9   Thumb Code     2  heapauxi.o(.text)
    __rt_heap_escrow$2region                 0x000002eb   Thumb Code     2  heapauxi.o(.text)
    __rt_heap_expand$2region                 0x000002ed   Thumb Code     2  heapauxi.o(.text)
    __aeabi_errno_addr                       0x000002f1   Thumb Code     8  rt_errno_addr_intlibspace.o(.text)
    __errno$intlibspace                      0x000002f1   Thumb Code     0  rt_errno_addr_intlibspace.o(.text)
    __rt_errno_addr$intlibspace              0x000002f1   Thumb Code     0  rt_errno_addr_intlibspace.o(.text)
    __mathlib_dbl_infnan2                    0x000002f9   Thumb Code     4  dunder.o(i.__mathlib_dbl_infnan2)
    strcpy                                   0x00000301   Thumb Code    72  strcpy.o(.text)
    __aeabi_memcpy                           0x00000349   Thumb Code     0  rt_memcpy_v6.o(.text)
    __rt_memcpy                              0x00000349   Thumb Code   138  rt_memcpy_v6.o(.text)
    _memcpy_lastbytes                        0x000003af   Thumb Code     0  rt_memcpy_v6.o(.text)
    strncpy                                  0x000003d3   Thumb Code    86  strncpy.o(.text)
    strcmp                                   0x00000429   Thumb Code   128  strcmpv7m.o(.text)
    __read_errno                             0x000004a9   Thumb Code    10  _rserrno.o(.text)
    __set_errno                              0x000004b3   Thumb Code    12  _rserrno.o(.text)
    _printf_int_common                       0x000004bf   Thumb Code   178  _printf_intcommon.o(.text)
    _printf_char_file                        0x00000571   Thumb Code    32  _printf_char_file.o(.text)
    __aeabi_memcpy4                          0x00000595   Thumb Code     0  rt_memcpy_w.o(.text)
    __aeabi_memcpy8                          0x00000595   Thumb Code     0  rt_memcpy_w.o(.text)
    __rt_memcpy_w                            0x00000595   Thumb Code   100  rt_memcpy_w.o(.text)
    _memcpy_lastbytes_aligned                0x000005dd   Thumb Code     0  rt_memcpy_w.o(.text)
    __aeabi_memclr                           0x000005f9   Thumb Code     0  rt_memclr.o(.text)
    __rt_memclr                              0x000005f9   Thumb Code    68  rt_memclr.o(.text)
    _memset                                  0x000005fd   Thumb Code     0  rt_memclr.o(.text)
    _printf_char_common                      0x00000647   Thumb Code    32  _printf_char_common.o(.text)
    ferror                                   0x0000066d   Thumb Code     8  ferror.o(.text)
    __aeabi_memclr4                          0x00000675   Thumb Code     0  rt_memclr_w.o(.text)
    __aeabi_memclr8                          0x00000675   Thumb Code     0  rt_memclr_w.o(.text)
    __rt_memclr_w                            0x00000675   Thumb Code    78  rt_memclr_w.o(.text)
    _memset_w                                0x00000679   Thumb Code     0  rt_memclr_w.o(.text)
    __user_libspace                          0x000006c5   Thumb Code     8  libspace.o(.text)
    __user_perproc_libspace                  0x000006c5   Thumb Code     0  libspace.o(.text)
    __user_perthread_libspace                0x000006c5   Thumb Code     0  libspace.o(.text)
    __user_setup_stackheap                   0x000006cd   Thumb Code    74  sys_stackheap_outer.o(.text)
    exit                                     0x00000717   Thumb Code    18  exit.o(.text)
    ADC_IRQHandler                           0x00000729   Thumb Code   352  ad_prober.o(i.ADC_IRQHandler)
    EINT0_IRQHandler                         0x000008a1   Thumb Code    36  gui.o(i.EINT0_IRQHandler)
    EINT1_IRQHandler                         0x000008d1   Thumb Code    36  gui.o(i.EINT1_IRQHandler)
    EINT2_IRQHandler                         0x00000901   Thumb Code    36  gui.o(i.EINT2_IRQHandler)
    GPIO_PinRead                             0x00000931   Thumb Code    28  gpio_lpc17xx.o(i.GPIO_PinRead)
    GPIO_PortClock                           0x00000951   Thumb Code    38  gpio_lpc17xx.o(i.GPIO_PortClock)
    GPIO_SetDir                              0x0000097d   Thumb Code    52  gpio_lpc17xx.o(i.GPIO_SetDir)
    GetASCIICode                             0x000009b5   Thumb Code    26  asciilib.o(i.GetASCIICode)
    Joystick_GetState                        0x000009d5   Thumb Code    88  joystick_landtiger.o(i.Joystick_GetState)
    Joystick_Initialize                      0x00000a31   Thumb Code    68  joystick_landtiger.o(i.Joystick_Initialize)
    PIN_Configure                            0x00000bf1   Thumb Code   246  pin_lpc17xx.o(i.PIN_Configure)
    SysTick_Handler                          0x00000ced   Thumb Code   226  gui.o(i.SysTick_Handler)
    SystemInit                               0x00000df1   Thumb Code   302  system_lpc17xx.o(i.SystemInit)
    UART2_IRQHandler                         0x00000f31   Thumb Code    62  uart.o(i.UART2_IRQHandler)
    __ARM_fpclassify                         0x00000f81   Thumb Code    40  fpclassify.o(i.__ARM_fpclassify)
    __kernel_poly                            0x00000fa9   Thumb Code   170  poly.o(i.__kernel_poly)
    __mathlib_dbl_divzero                    0x00001055   Thumb Code    12  dunder.o(i.__mathlib_dbl_divzero)
    __mathlib_dbl_invalid                    0x00001065   Thumb Code    12  dunder.o(i.__mathlib_dbl_invalid)
    __mathlib_dbl_overflow                   0x00001071   Thumb Code    14  dunder.o(i.__mathlib_dbl_overflow)
    __mathlib_dbl_underflow                  0x00001081   Thumb Code    10  dunder.o(i.__mathlib_dbl_underflow)
    _sys_exit                                0x00001091   Thumb Code     4  retarget.o(i._sys_exit)
    ad_channel_plug                          0x00001095   Thumb Code    54  ad_prober.o(i.ad_channel_plug)
    ad_digital_trig                          0x000010d5   Thumb Code    66  ad_prober.o(i.ad_digital_trig)
    ad_prober_init                           0x00001119   Thumb Code   218  ad_prober.o(i.ad_prober_init)
    ad_reinit                                0x00001209   Thumb Code   344  ad_prober.o(i.ad_reinit)
    chart_draw                               0x00001381   Thumb Code  1106  chart.o(i.chart_draw)
    chart_draw_trig                          0x000017e5   Thumb Code   396  chart.o(i.chart_draw_trig)
    chart_init                               0x0000198d   Thumb Code    34  chart.o(i.chart_init)
    chart_mesh                               0x000019b9   Thumb Code   100  chart.o(i.chart_mesh)
    chart_set_trig                           0x00001a1d   Thumb Code   122  chart.o(i.chart_set_trig)
    chart_sub_mesh                           0x00001aa9   Thumb Code    44  chart.o(i.chart_sub_mesh)
    clear_TC0_1                              0x00001ad5   Thumb Code    34  probe_trig.o(i.clear_TC0_1)
    digital_trig                             0x00001b1d   Thumb Code   280  osc.o(i.digital_trig)
    dk_abs                                   0x00001c41   Thumb Code    14  osc.o(i.dk_abs)
    dk_fabs                                  0x00001c4f   Thumb Code    34  osc.o(i.dk_fabs)
    dk_transmit                              0x00001c71   Thumb Code   160  uart.o(i.dk_transmit)
    dk_uart_init                             0x00001d21   Thumb Code   148  uart.o(i.dk_uart_init)
    fputc                                    0x00001dbd   Thumb Code    26  retarget.o(i.fputc)
    freq                                     0x00001ddd   Thumb Code    54  config.o(i.freq)
    ftoa                                     0x00001e21   Thumb Code   140  caster.o(i.ftoa)
    ftoa_units                               0x00001eb5   Thumb Code   184  caster.o(i.ftoa_units)
    generate_ch1                             0x00001f81   Thumb Code    40  gui_controller.o(i.generate_ch1)
    generate_ch2                             0x00001fc5   Thumb Code    42  gui_controller.o(i.generate_ch2)
    generate_dt                              0x0000200d   Thumb Code    80  gui_controller.o(i.generate_dt)
    generate_dv                              0x00002075   Thumb Code    84  gui_controller.o(i.generate_dv)
    generate_options                         0x000020e5   Thumb Code   884  gui_controller.o(i.generate_options)
    generate_stats                           0x00002599   Thumb Code  1104  gui_controller.o(i.generate_stats)
    get_frec                                 0x000029ed   Thumb Code     6  probe_trig.o(i.get_frec)
    gui_init                                 0x000029f9   Thumb Code   204  gui.o(i.gui_init)
    gui_int0                                 0x00002ad9   Thumb Code   102  gui_controller.o(i.gui_int0)
    gui_joy_center                           0x00002b4d   Thumb Code     2  gui_controller.o(i.gui_joy_center)
    gui_joy_down                             0x00002b51   Thumb Code   512  gui_controller.o(i.gui_joy_down)
    gui_joy_left                             0x00002d6d   Thumb Code    42  gui_controller.o(i.gui_joy_left)
    gui_joy_right                            0x00002da1   Thumb Code    42  gui_controller.o(i.gui_joy_right)
    gui_joy_up                               0x00002dd5   Thumb Code   522  gui_controller.o(i.gui_joy_up)
    gui_key1                                 0x00002ffd   Thumb Code    82  gui_controller.o(i.gui_key1)
    gui_key2                                 0x00003061   Thumb Code    78  gui_controller.o(i.gui_key2)
    gui_react_to_joy                         0x000030c1   Thumb Code   414  gui.o(i.gui_react_to_joy)
    gui_redraw                               0x00003291   Thumb Code   288  gui.o(i.gui_redraw)
    gui_sci_decrease                         0x000033c9   Thumb Code    40  gui.o(i.gui_sci_decrease)
    gui_sci_increase                         0x000033f5   Thumb Code    40  gui.o(i.gui_sci_increase)
    init_TC0_1                               0x00003421   Thumb Code    90  probe_trig.o(i.init_TC0_1)
    itoa                                     0x00003485   Thumb Code    74  caster.o(i.itoa)
    lcd_clear                                0x000034d1   Thumb Code   368  lcd.o(i.lcd_clear)
    lcd_clear_all                            0x00003649   Thumb Code    22  lcd.o(i.lcd_clear_all)
    lcd_drawLine                             0x0000365f   Thumb Code   208  lcd.o(i.lcd_drawLine)
    lcd_drawPoint                            0x00003731   Thumb Code   316  lcd.o(i.lcd_drawPoint)
    lcd_init                                 0x00003875   Thumb Code 11448  lcd.o(i.lcd_init)
    lcd_printChar                            0x00006531   Thumb Code   100  lcd.o(i.lcd_printChar)
    lcd_printNText                           0x00006595   Thumb Code    84  lcd.o(i.lcd_printNText)
    lcd_setClippingRegion                    0x000065e9   Thumb Code   730  lcd.o(i.lcd_setClippingRegion)
    lcd_unsetClippingRegion                  0x000068c9   Thumb Code   652  lcd.o(i.lcd_unsetClippingRegion)
    main                                     0x00006b59   Thumb Code   236  main.o(i.main)
    median_filter_p                          0x00006c59   Thumb Code   150  ad_prober.o(i.median_filter_p)
    osc_ad_unplug                            0x00006cf5   Thumb Code    14  ad_prober.o(i.osc_ad_unplug)
    osc_digital_trig                         0x00006d09   Thumb Code   102  osc.o(i.osc_digital_trig)
    osc_init                                 0x00006d75   Thumb Code    42  osc.o(i.osc_init)
    osc_meas                                 0x00006da9   Thumb Code    34  osc.o(i.osc_meas)
    osc_statistics                           0x00006dd9   Thumb Code   112  osc.o(i.osc_statistics)
    plug                                     0x00006e61   Thumb Code    28  probe_trig.o(i.plug)
    pow                                      0x00006e7d   Thumb Code  2512  pow.o(i.pow)
    regenerate                               0x00007855   Thumb Code    24  gui_controller.o(i.regenerate)
    reverse                                  0x0000786d   Thumb Code    28  caster.o(i.reverse)
    run_timer1                               0x00007889   Thumb Code    50  main.o(i.run_timer1)
    sci_decrease                             0x000078c5   Thumb Code    44  sci.o(i.sci_decrease)
    sci_decrease_n                           0x000078f1   Thumb Code    34  sci.o(i.sci_decrease_n)
    sci_get                                  0x00007915   Thumb Code    58  sci.o(i.sci_get)
    sci_increase                             0x00007955   Thumb Code    44  sci.o(i.sci_increase)
    sci_increase_n                           0x00007981   Thumb Code    34  sci.o(i.sci_increase_n)
    scitoa                                   0x000079a5   Thumb Code   140  caster.o(i.scitoa)
    set_TC0_1_match                          0x00007a41   Thumb Code    48  probe_trig.o(i.set_TC0_1_match)
    sqrt                                     0x00007a7d   Thumb Code    76  sqrt.o(i.sqrt)
    stat_get                                 0x00007ac9   Thumb Code    54  osc.o(i.stat_get)
    stat_set                                 0x00007aff   Thumb Code    96  osc.o(i.stat_set)
    statistics                               0x00007b61   Thumb Code  1086  osc.o(i.statistics)
    uart_check_sw                            0x00007fa1   Thumb Code    70  uart.o(i.uart_check_sw)
    uart_exec_comm                           0x00008019   Thumb Code   178  uart.o(i.uart_exec_comm)
    unplug                                   0x00008145   Thumb Code    28  probe_trig.o(i.unplug)
    __aeabi_d2f                              0x0000816d   Thumb Code     0  d2f.o(x$fpl$d2f)
    _d2f                                     0x0000816d   Thumb Code    98  d2f.o(x$fpl$d2f)
    __aeabi_dadd                             0x000081d1   Thumb Code     0  daddsub_clz.o(x$fpl$dadd)
    _dadd                                    0x000081d1   Thumb Code   332  daddsub_clz.o(x$fpl$dadd)
    __fpl_dcheck_NaN1                        0x00008321   Thumb Code    10  dcheck1.o(x$fpl$dcheck1)
    __fpl_dcmp_Inf                           0x00008331   Thumb Code    24  dcmpi.o(x$fpl$dcmpinf)
    __aeabi_ddiv                             0x00008349   Thumb Code     0  ddiv.o(x$fpl$ddiv)
    _ddiv                                    0x00008349   Thumb Code   552  ddiv.o(x$fpl$ddiv)
    __aeabi_cdcmpeq                          0x000085f9   Thumb Code     0  deqf.o(x$fpl$deqf)
    _dcmpeq                                  0x000085f9   Thumb Code   120  deqf.o(x$fpl$deqf)
    __aeabi_d2uiz                            0x00008671   Thumb Code     0  dfixu.o(x$fpl$dfixu)
    _dfixu                                   0x00008671   Thumb Code    90  dfixu.o(x$fpl$dfixu)
    __aeabi_i2d                              0x000086cb   Thumb Code     0  dflt_clz.o(x$fpl$dflt)
    _dflt                                    0x000086cb   Thumb Code    46  dflt_clz.o(x$fpl$dflt)
    __aeabi_ui2d                             0x000086f9   Thumb Code     0  dflt_clz.o(x$fpl$dfltu)
    _dfltu                                   0x000086f9   Thumb Code    38  dflt_clz.o(x$fpl$dfltu)
    __aeabi_cdcmple                          0x00008721   Thumb Code     0  dleqf.o(x$fpl$dleqf)
    _dcmple                                  0x00008721   Thumb Code   120  dleqf.o(x$fpl$dleqf)
    __fpl_dcmple_InfNaN                      0x00008783   Thumb Code     0  dleqf.o(x$fpl$dleqf)
    __aeabi_dmul                             0x00008799   Thumb Code     0  dmul.o(x$fpl$dmul)
    _dmul                                    0x00008799   Thumb Code   332  dmul.o(x$fpl$dmul)
    __fpl_dnaninf                            0x000088ed   Thumb Code   156  dnaninf.o(x$fpl$dnaninf)
    __fpl_dretinf                            0x00008989   Thumb Code    12  dretinf.o(x$fpl$dretinf)
    __aeabi_cdrcmple                         0x00008995   Thumb Code     0  drleqf.o(x$fpl$drleqf)
    _drcmple                                 0x00008995   Thumb Code   108  drleqf.o(x$fpl$drleqf)
    __aeabi_drsub                            0x00008a01   Thumb Code     0  daddsub_clz.o(x$fpl$drsb)
    _drsb                                    0x00008a01   Thumb Code    22  daddsub_clz.o(x$fpl$drsb)
    _dsqrt                                   0x00008a19   Thumb Code   456  dsqrt_noumaal.o(x$fpl$dsqrt)
    __aeabi_dsub                             0x00008be5   Thumb Code     0  daddsub_clz.o(x$fpl$dsub)
    _dsub                                    0x00008be5   Thumb Code   464  daddsub_clz.o(x$fpl$dsub)
    __aeabi_f2d                              0x00008db9   Thumb Code     0  f2d.o(x$fpl$f2d)
    _f2d                                     0x00008db9   Thumb Code    86  f2d.o(x$fpl$f2d)
    __aeabi_fadd                             0x00008e11   Thumb Code     0  faddsub_clz.o(x$fpl$fadd)
    _fadd                                    0x00008e11   Thumb Code   196  faddsub_clz.o(x$fpl$fadd)
    __fpl_fcmp_Inf                           0x00008ed5   Thumb Code    24  fcmpi.o(x$fpl$fcmpinf)
    __aeabi_f2iz                             0x00008eed   Thumb Code     0  ffix.o(x$fpl$ffix)
    _ffix                                    0x00008eed   Thumb Code    54  ffix.o(x$fpl$ffix)
    __aeabi_f2uiz                            0x00008f25   Thumb Code     0  ffixu.o(x$fpl$ffixu)
    _ffixu                                   0x00008f25   Thumb Code    62  ffixu.o(x$fpl$ffixu)
    __aeabi_i2f                              0x00008f65   Thumb Code     0  fflt_clz.o(x$fpl$fflt)
    _fflt                                    0x00008f65   Thumb Code    48  fflt_clz.o(x$fpl$fflt)
    __aeabi_ui2f                             0x00008f95   Thumb Code     0  fflt_clz.o(x$fpl$ffltu)
    _ffltu                                   0x00008f95   Thumb Code    38  fflt_clz.o(x$fpl$ffltu)
    __aeabi_cfcmple                          0x00008fbd   Thumb Code     0  fleqf.o(x$fpl$fleqf)
    _fcmple                                  0x00008fbd   Thumb Code   104  fleqf.o(x$fpl$fleqf)
    __fpl_fcmple_InfNaN                      0x0000900f   Thumb Code     0  fleqf.o(x$fpl$fleqf)
    __aeabi_fmul                             0x00009025   Thumb Code     0  fmul.o(x$fpl$fmul)
    _fmul                                    0x00009025   Thumb Code   258  fmul.o(x$fpl$fmul)
    __fpl_fnaninf                            0x00009127   Thumb Code   140  fnaninf.o(x$fpl$fnaninf)
    __fpl_fretinf                            0x000091b3   Thumb Code    10  fretinf.o(x$fpl$fretinf)
    __aeabi_cfrcmple                         0x000091bd   Thumb Code     0  frleqf.o(x$fpl$frleqf)
    _frcmple                                 0x000091bd   Thumb Code    98  frleqf.o(x$fpl$frleqf)
    __aeabi_frsub                            0x0000921f   Thumb Code     0  faddsub_clz.o(x$fpl$frsb)
    _frsb                                    0x0000921f   Thumb Code    20  faddsub_clz.o(x$fpl$frsb)
    __aeabi_fsub                             0x00009235   Thumb Code     0  faddsub_clz.o(x$fpl$fsub)
    _fsub                                    0x00009235   Thumb Code   234  faddsub_clz.o(x$fpl$fsub)
    __fpl_return_NaN                         0x0000931f   Thumb Code   100  retnan.o(x$fpl$retnan)
    __ARM_scalbn                             0x00009383   Thumb Code    92  scalbn.o(x$fpl$scalbn)
    __fpl_cmpreturn                          0x000093df   Thumb Code    48  trapv.o(x$fpl$trapveneer)
    __I$use$fp                               0x0000940e   Number         0  usenofp.o(x$fpl$usenofp)
    channel_color                            0x0000940e   Data           4  chart.o(.constdata)
    units                                    0x00009a04   Data          20  caster.o(.constdata)
    units_lengths                            0x00009a18   Data           5  caster.o(.constdata)
    JOYSTICK_PIN                             0x00009a1d   Data          10  joystick_landtiger.o(.constdata)
    __mathlib_zero                           0x00009ab0   Data           8  qnan.o(.constdata)
    Region$$Table$$Base                      0x00009acc   Number         0  anon$$obj.o(Region$$Table)
    Region$$Table$$Limit                     0x00009aec   Number         0  anon$$obj.o(Region$$Table)
    xnx                                      0x1000004c   Data           4  main.o(.data)
    n                                        0x100000b0   Data           4  ad_prober.o(.data)
    is_trig                                  0x100000b4   Data           1  ad_prober.o(.data)
    __stdout                                 0x10000108   Data           4  retarget.o(.data)
    __stdin                                  0x1000010c   Data           4  retarget.o(.data)
    RXD_iter                                 0x1000015c   Data           1  uart.o(.data)
    comm_counter                             0x10000160   Data           4  uart.o(.data)
    is_drawed                                0x100001ac   Data           2  chart.o(.data)
    is_active                                0x100001ae   Data           2  chart.o(.data)
    mul_saved                                0x100001b0   Data           4  chart.o(.data)
    off_saved                                0x100001b4   Data           8  chart.o(.data)
    temp                                     0x100001bc   Data           4  chart.o(.data)
    chart_last_trig                          0x100001c0   Data           4  chart.o(.data)
    chart_trig                               0x100001c4   Data           4  chart.o(.data)
    last_trig_channel                        0x100001c8   Data           1  chart.o(.data)
    gui_buttons_timeouts                     0x100001cc   Data           6  gui.o(.data)
    gui_title_timeout                        0x100001d2   Data           2  gui.o(.data)
    gui_joy_left_timeout                     0x100001d4   Data           2  gui.o(.data)
    gui_joy_right_timeout                    0x100001d6   Data           2  gui.o(.data)
    gui_joy_top_timeout                      0x100001d8   Data           2  gui.o(.data)
    gui_joy_bottom_timeout                   0x100001da   Data           2  gui.o(.data)
    gui_joy_center_timeout                   0x100001dc   Data           2  gui.o(.data)
    prev_joy                                 0x100001e0   Data           4  gui.o(.data)
    joy                                      0x100001e4   Data           4  gui.o(.data)
    joy_left_update                          0x100001e8   Data           1  gui.o(.data)
    joy_right_update                         0x100001e9   Data           1  gui.o(.data)
    joy_top_update                           0x100001ea   Data           1  gui.o(.data)
    joy_bottom_update                        0x100001eb   Data           1  gui.o(.data)
    joy_center_update                        0x100001ec   Data           1  gui.o(.data)
    gui_joy_active_time                      0x100001ee   Data           2  gui.o(.data)
    gui_need_redraw                          0x100001f0   Data           8  gui.o(.data)
    gui_selected                             0x100001f8   Data           1  gui.o(.data)
    gui_top_locked                           0x100001f9   Data           1  gui.o(.data)
    gui_option_selected                      0x10000244   Data           1  gui_controller.o(.data)
    lcd_pattern                              0x10000248   Data           4  lcd.o(.data)
    stats_enabled                            0x10000280   Data           1  config.o(.data)
    stats_target                             0x10000281   Data           1  config.o(.data)
    stats_type                               0x10000282   Data           1  config.o(.data)
    meas_done                                0x100002e8   Data           1  osc.o(.data)
    SystemCoreClock                          0x100002ec   Data           4  system_lpc17xx.o(.data)
    RXD_buffer                               0x100002f0   Data          17  uart.o(.bss)
    saved                                    0x10000302   Data        1280  chart.o(.bss)
    gui_up_buffer                            0x10000802   Data          40  gui.o(.bss)
    gui_down_buffer                          0x1000082a   Data          40  gui.o(.bss)
    gui_area_colours                         0x10000852   Data          16  gui.o(.bss)
    chn_buff                                 0x10000864   Data        2560  config.o(.bss)
    config                                   0x10001264   Data          60  config.o(.bss)
    stat_array1                              0x100012a0   Data          80  osc.o(.bss)
    stat_array2                              0x100012f0   Data          80  osc.o(.bss)
    stats1                                   0x10001340   Data          64  osc.o(.bss)
    stats2                                   0x10001380   Data          64  osc.o(.bss)
    __libspace_start                         0x100013c0   Data          96  libspace.o(.bss)
    __temporary_stack_top$libspace           0x10001420   Data           0  libspace.o(.bss)



==============================================================================

Memory Map of the image

  Image Entry point : 0x000001b1

  Load Region LR_1 (Base: 0x00000000, Size: 0x00009ddc, Max: 0xffffffff, ABSOLUTE, COMPRESSED[0x00009b74])

    Execution Region ER_RO (Base: 0x00000000, Size: 0x00009aec, Max: 0xffffffff, ABSOLUTE)

    Base Addr    Size         Type   Attr      Idx    E Section Name        Object

    0x00000000   0x000000cc   Data   RO         1193    RESET               startup_lpc17xx.o
    0x000000cc   0x00000008   Code   RO         1283  * !!!main             c_w.l(__main.o)
    0x000000d4   0x00000034   Code   RO         1614    !!!scatter          c_w.l(__scatter.o)
    0x00000108   0x0000005a   Code   RO         1612    !!dczerorl2         c_w.l(__dczerorl2.o)
    0x00000162   0x00000002   PAD
    0x00000164   0x0000001c   Code   RO         1616    !!handler_zi        c_w.l(__scatter_zi.o)
    0x00000180   0x00000000   Code   RO         1272    .ARM.Collect$$_printf_percent$$00000000  c_w.l(_printf_percent.o)
    0x00000180   0x00000006   Code   RO         1271    .ARM.Collect$$_printf_percent$$0000000A  c_w.l(_printf_u.o)
    0x00000186   0x00000004   Code   RO         1376    .ARM.Collect$$_printf_percent$$00000017  c_w.l(_printf_percent_end.o)
    0x0000018a   0x00000002   Code   RO         1485    .ARM.Collect$$libinit$$00000000  c_w.l(libinit.o)
    0x0000018c   0x00000000   Code   RO         1497    .ARM.Collect$$libinit$$00000002  c_w.l(libinit2.o)
    0x0000018c   0x00000000   Code   RO         1499    .ARM.Collect$$libinit$$00000004  c_w.l(libinit2.o)
    0x0000018c   0x00000000   Code   RO         1502    .ARM.Collect$$libinit$$0000000A  c_w.l(libinit2.o)
    0x0000018c   0x00000000   Code   RO         1504    .ARM.Collect$$libinit$$0000000C  c_w.l(libinit2.o)
    0x0000018c   0x00000000   Code   RO         1506    .ARM.Collect$$libinit$$0000000E  c_w.l(libinit2.o)
    0x0000018c   0x00000000   Code   RO         1509    .ARM.Collect$$libinit$$00000011  c_w.l(libinit2.o)
    0x0000018c   0x00000000   Code   RO         1511    .ARM.Collect$$libinit$$00000013  c_w.l(libinit2.o)
    0x0000018c   0x00000000   Code   RO         1513    .ARM.Collect$$libinit$$00000015  c_w.l(libinit2.o)
    0x0000018c   0x00000000   Code   RO         1515    .ARM.Collect$$libinit$$00000017  c_w.l(libinit2.o)
    0x0000018c   0x00000000   Code   RO         1517    .ARM.Collect$$libinit$$00000019  c_w.l(libinit2.o)
    0x0000018c   0x00000000   Code   RO         1519    .ARM.Collect$$libinit$$0000001B  c_w.l(libinit2.o)
    0x0000018c   0x00000000   Code   RO         1521    .ARM.Collect$$libinit$$0000001D  c_w.l(libinit2.o)
    0x0000018c   0x00000000   Code   RO         1523    .ARM.Collect$$libinit$$0000001F  c_w.l(libinit2.o)
    0x0000018c   0x00000000   Code   RO         1525    .ARM.Collect$$libinit$$00000021  c_w.l(libinit2.o)
    0x0000018c   0x00000000   Code   RO         1527    .ARM.Collect$$libinit$$00000023  c_w.l(libinit2.o)
    0x0000018c   0x00000000   Code   RO         1529    .ARM.Collect$$libinit$$00000025  c_w.l(libinit2.o)
    0x0000018c   0x00000000   Code   RO         1533    .ARM.Collect$$libinit$$0000002C  c_w.l(libinit2.o)
    0x0000018c   0x00000000   Code   RO         1535    .ARM.Collect$$libinit$$0000002E  c_w.l(libinit2.o)
    0x0000018c   0x00000000   Code   RO         1537    .ARM.Collect$$libinit$$00000030  c_w.l(libinit2.o)
    0x0000018c   0x00000000   Code   RO         1539    .ARM.Collect$$libinit$$00000032  c_w.l(libinit2.o)
    0x0000018c   0x00000002   Code   RO         1540    .ARM.Collect$$libinit$$00000033  c_w.l(libinit2.o)
    0x0000018e   0x00000002   Code   RO         1568    .ARM.Collect$$libshutdown$$00000000  c_w.l(libshutdown.o)
    0x00000190   0x00000000   Code   RO         1595    .ARM.Collect$$libshutdown$$00000002  c_w.l(libshutdown2.o)
    0x00000190   0x00000000   Code   RO         1597    .ARM.Collect$$libshutdown$$00000004  c_w.l(libshutdown2.o)
    0x00000190   0x00000000   Code   RO         1600    .ARM.Collect$$libshutdown$$00000007  c_w.l(libshutdown2.o)
    0x00000190   0x00000000   Code   RO         1603    .ARM.Collect$$libshutdown$$0000000A  c_w.l(libshutdown2.o)
    0x00000190   0x00000000   Code   RO         1605    .ARM.Collect$$libshutdown$$0000000C  c_w.l(libshutdown2.o)
    0x00000190   0x00000000   Code   RO         1608    .ARM.Collect$$libshutdown$$0000000F  c_w.l(libshutdown2.o)
    0x00000190   0x00000002   Code   RO         1609    .ARM.Collect$$libshutdown$$00000010  c_w.l(libshutdown2.o)
    0x00000192   0x00000000   Code   RO         1365    .ARM.Collect$$rtentry$$00000000  c_w.l(__rtentry.o)
    0x00000192   0x00000000   Code   RO         1434    .ARM.Collect$$rtentry$$00000002  c_w.l(__rtentry2.o)
    0x00000192   0x00000006   Code   RO         1446    .ARM.Collect$$rtentry$$00000004  c_w.l(__rtentry4.o)
    0x00000198   0x00000000   Code   RO         1436    .ARM.Collect$$rtentry$$00000009  c_w.l(__rtentry2.o)
    0x00000198   0x00000004   Code   RO         1437    .ARM.Collect$$rtentry$$0000000A  c_w.l(__rtentry2.o)
    0x0000019c   0x00000000   Code   RO         1439    .ARM.Collect$$rtentry$$0000000C  c_w.l(__rtentry2.o)
    0x0000019c   0x00000008   Code   RO         1440    .ARM.Collect$$rtentry$$0000000D  c_w.l(__rtentry2.o)
    0x000001a4   0x00000002   Code   RO         1488    .ARM.Collect$$rtexit$$00000000  c_w.l(rtexit.o)
    0x000001a6   0x00000000   Code   RO         1544    .ARM.Collect$$rtexit$$00000002  c_w.l(rtexit2.o)
    0x000001a6   0x00000004   Code   RO         1545    .ARM.Collect$$rtexit$$00000003  c_w.l(rtexit2.o)
    0x000001aa   0x00000006   Code   RO         1546    .ARM.Collect$$rtexit$$00000004  c_w.l(rtexit2.o)
    0x000001b0   0x0000003c   Code   RO         1195  * .text               startup_lpc17xx.o
    0x000001ec   0x00000002   Code   RO         1239    .text               c_w.l(use_no_semi.o)
    0x000001ee   0x00000002   PAD
    0x000001f0   0x00000018   Code   RO         1245    .text               c_w.l(noretval__2printf.o)
    0x00000208   0x00000068   Code   RO         1247    .text               c_w.l(__printf.o)
    0x00000270   0x00000078   Code   RO         1249    .text               c_w.l(_printf_dec.o)
    0x000002e8   0x00000006   Code   RO         1281    .text               c_w.l(heapauxi.o)
    0x000002ee   0x00000002   PAD
    0x000002f0   0x00000008   Code   RO         1453    .text               c_w.l(rt_errno_addr_intlibspace.o)
    0x000002f8   0x00000004   Code   RO         1398    i.__mathlib_dbl_infnan2  m_ws.l(dunder.o)
    0x000002fc   0x00000004   Code   RO         1194    .ARM.__at_0x02FC    startup_lpc17xx.o
    0x00000300   0x00000048   Code   RO         1273    .text               c_w.l(strcpy.o)
    0x00000348   0x0000008a   Code   RO         1275    .text               c_w.l(rt_memcpy_v6.o)
    0x000003d2   0x00000056   Code   RO         1277    .text               c_w.l(strncpy.o)
    0x00000428   0x00000080   Code   RO         1279    .text               c_w.l(strcmpv7m.o)
    0x000004a8   0x00000016   Code   RO         1370    .text               c_w.l(_rserrno.o)
    0x000004be   0x000000b2   Code   RO         1372    .text               c_w.l(_printf_intcommon.o)
    0x00000570   0x00000024   Code   RO         1374    .text               c_w.l(_printf_char_file.o)
    0x00000594   0x00000064   Code   RO         1377    .text               c_w.l(rt_memcpy_w.o)
    0x000005f8   0x00000044   Code   RO         1379    .text               c_w.l(rt_memclr.o)
    0x0000063c   0x00000030   Code   RO         1455    .text               c_w.l(_printf_char_common.o)
    0x0000066c   0x00000008   Code   RO         1457    .text               c_w.l(ferror.o)
    0x00000674   0x0000004e   Code   RO         1461    .text               c_w.l(rt_memclr_w.o)
    0x000006c2   0x00000002   PAD
    0x000006c4   0x00000008   Code   RO         1467    .text               c_w.l(libspace.o)
    0x000006cc   0x0000004a   Code   RO         1470    .text               c_w.l(sys_stackheap_outer.o)
    0x00000716   0x00000012   Code   RO         1474    .text               c_w.l(exit.o)
    0x00000728   0x00000178   Code   RO          127    i.ADC_IRQHandler    ad_prober.o
    0x000008a0   0x00000030   Code   RO          490    i.EINT0_IRQHandler  gui.o
    0x000008d0   0x00000030   Code   RO          491    i.EINT1_IRQHandler  gui.o
    0x00000900   0x00000030   Code   RO          492    i.EINT2_IRQHandler  gui.o
    0x00000930   0x00000020   Code   RO         1104    i.GPIO_PinRead      gpio_lpc17xx.o
    0x00000950   0x0000002c   Code   RO         1106    i.GPIO_PortClock    gpio_lpc17xx.o
    0x0000097c   0x00000038   Code   RO         1109    i.GPIO_SetDir       gpio_lpc17xx.o
    0x000009b4   0x00000020   Code   RO          690    i.GetASCIICode      asciilib.o
    0x000009d4   0x0000005c   Code   RO         1065    i.Joystick_GetState  joystick_landtiger.o
    0x00000a30   0x00000048   Code   RO         1066    i.Joystick_Initialize  joystick_landtiger.o
    0x00000a78   0x00000160   Code   RO          710    i.LCD_SetCursor     lcd.o
    0x00000bd8   0x00000016   Code   RO          493    i.NVIC_EnableIRQ    gui.o
    0x00000bee   0x00000002   PAD
    0x00000bf0   0x000000fc   Code   RO         1158    i.PIN_Configure     pin_lpc17xx.o
    0x00000cec   0x00000104   Code   RO          494    i.SysTick_Handler   gui.o
    0x00000df0   0x00000140   Code   RO         1205    i.SystemInit        system_lpc17xx.o
    0x00000f30   0x00000050   Code   RO          323    i.UART2_IRQHandler  uart.o
    0x00000f80   0x00000028   Code   RO         1410    i.__ARM_fpclassify  m_ws.l(fpclassify.o)
    0x00000fa8   0x000000aa   Code   RO         1422    i.__kernel_poly     m_ws.l(poly.o)
    0x00001052   0x00000002   PAD
    0x00001054   0x00000010   Code   RO         1396    i.__mathlib_dbl_divzero  m_ws.l(dunder.o)
    0x00001064   0x0000000c   Code   RO         1399    i.__mathlib_dbl_invalid  m_ws.l(dunder.o)
    0x00001070   0x0000000e   Code   RO         1400    i.__mathlib_dbl_overflow  m_ws.l(dunder.o)
    0x0000107e   0x00000002   PAD
    0x00001080   0x00000010   Code   RO         1402    i.__mathlib_dbl_underflow  m_ws.l(dunder.o)
    0x00001090   0x00000004   Code   RO          272    i._sys_exit         retarget.o
    0x00001094   0x00000040   Code   RO          128    i.ad_channel_plug   ad_prober.o
    0x000010d4   0x00000042   Code   RO          129    i.ad_digital_trig   ad_prober.o
    0x00001116   0x00000002   PAD
    0x00001118   0x000000f0   Code   RO          130    i.ad_prober_init    ad_prober.o
    0x00001208   0x00000178   Code   RO          131    i.ad_reinit         ad_prober.o
    0x00001380   0x00000464   Code   RO          400    i.chart_draw        chart.o
    0x000017e4   0x000001a8   Code   RO          401    i.chart_draw_trig   chart.o
    0x0000198c   0x0000002c   Code   RO          402    i.chart_init        chart.o
    0x000019b8   0x00000064   Code   RO          403    i.chart_mesh        chart.o
    0x00001a1c   0x0000008c   Code   RO          404    i.chart_set_trig    chart.o
    0x00001aa8   0x0000002c   Code   RO          405    i.chart_sub_mesh    chart.o
    0x00001ad4   0x00000028   Code   RO          215    i.clear_TC0_1       probe_trig.o
    0x00001afc   0x0000001e   Code   RO          711    i.delay_ms          lcd.o
    0x00001b1a   0x00000002   PAD
    0x00001b1c   0x00000124   Code   RO          850    i.digital_trig      osc.o
    0x00001c40   0x0000000e   Code   RO          851    i.dk_abs            osc.o
    0x00001c4e   0x00000022   Code   RO          852    i.dk_fabs           osc.o
    0x00001c70   0x000000b0   Code   RO          324    i.dk_transmit       uart.o
    0x00001d20   0x0000009c   Code   RO          325    i.dk_uart_init      uart.o
    0x00001dbc   0x00000020   Code   RO          274    i.fputc             retarget.o
    0x00001ddc   0x00000044   Code   RO          809    i.freq              config.o
    0x00001e20   0x00000094   Code   RO          942    i.ftoa              caster.o
    0x00001eb4   0x000000cc   Code   RO          943    i.ftoa_units        caster.o
    0x00001f80   0x00000044   Code   RO          582    i.generate_ch1      gui_controller.o
    0x00001fc4   0x00000048   Code   RO          583    i.generate_ch2      gui_controller.o
    0x0000200c   0x00000068   Code   RO          584    i.generate_dt       gui_controller.o
    0x00002074   0x00000070   Code   RO          585    i.generate_dv       gui_controller.o
    0x000020e4   0x000004b4   Code   RO          586    i.generate_options  gui_controller.o
    0x00002598   0x00000454   Code   RO          587    i.generate_stats    gui_controller.o
    0x000029ec   0x0000000c   Code   RO          216    i.get_frec          probe_trig.o
    0x000029f8   0x000000e0   Code   RO          495    i.gui_init          gui.o
    0x00002ad8   0x00000074   Code   RO          588    i.gui_int0          gui_controller.o
    0x00002b4c   0x00000002   Code   RO          589    i.gui_joy_center    gui_controller.o
    0x00002b4e   0x00000002   PAD
    0x00002b50   0x0000021c   Code   RO          590    i.gui_joy_down      gui_controller.o
    0x00002d6c   0x00000034   Code   RO          591    i.gui_joy_left      gui_controller.o
    0x00002da0   0x00000034   Code   RO          592    i.gui_joy_right     gui_controller.o
    0x00002dd4   0x00000228   Code   RO          593    i.gui_joy_up        gui_controller.o
    0x00002ffc   0x00000064   Code   RO          594    i.gui_key1          gui_controller.o
    0x00003060   0x00000060   Code   RO          595    i.gui_key2          gui_controller.o
    0x000030c0   0x000001d0   Code   RO          496    i.gui_react_to_joy  gui.o
    0x00003290   0x00000138   Code   RO          497    i.gui_redraw        gui.o
    0x000033c8   0x0000002c   Code   RO          498    i.gui_sci_decrease  gui.o
    0x000033f4   0x0000002c   Code   RO          499    i.gui_sci_increase  gui.o
    0x00003420   0x00000064   Code   RO          217    i.init_TC0_1        probe_trig.o
    0x00003484   0x0000004a   Code   RO          944    i.itoa              caster.o
    0x000034ce   0x00000002   PAD
    0x000034d0   0x00000178   Code   RO          712    i.lcd_clear         lcd.o
    0x00003648   0x00000016   Code   RO          713    i.lcd_clear_all     lcd.o
    0x0000365e   0x000000d0   Code   RO          714    i.lcd_drawLine      lcd.o
    0x0000372e   0x00000002   PAD
    0x00003730   0x00000144   Code   RO          715    i.lcd_drawPoint     lcd.o
    0x00003874   0x00002cbc   Code   RO          716    i.lcd_init          lcd.o
    0x00006530   0x00000064   Code   RO          717    i.lcd_printChar     lcd.o
    0x00006594   0x00000054   Code   RO          718    i.lcd_printNText    lcd.o
    0x000065e8   0x000002e0   Code   RO          720    i.lcd_setClippingRegion  lcd.o
    0x000068c8   0x00000290   Code   RO          721    i.lcd_unsetClippingRegion  lcd.o
    0x00006b58   0x00000100   Code   RO            4    i.main              main.o
    0x00006c58   0x0000009c   Code   RO          132    i.median_filter_p   ad_prober.o
    0x00006cf4   0x00000014   Code   RO          133    i.osc_ad_unplug     ad_prober.o
    0x00006d08   0x0000006c   Code   RO          853    i.osc_digital_trig  osc.o
    0x00006d74   0x00000034   Code   RO          854    i.osc_init          osc.o
    0x00006da8   0x00000030   Code   RO          855    i.osc_meas          osc.o
    0x00006dd8   0x00000088   Code   RO          856    i.osc_statistics    osc.o
    0x00006e60   0x0000001c   Code   RO          218    i.plug              probe_trig.o
    0x00006e7c   0x000009d8   Code   RO         1356    i.pow               m_ws.l(pow.o)
    0x00007854   0x00000018   Code   RO          596    i.regenerate        gui_controller.o
    0x0000786c   0x0000001c   Code   RO          945    i.reverse           caster.o
    0x00007888   0x0000003c   Code   RO            5    i.run_timer1        main.o
    0x000078c4   0x0000002c   Code   RO         1008    i.sci_decrease      sci.o
    0x000078f0   0x00000022   Code   RO         1009    i.sci_decrease_n    sci.o
    0x00007912   0x00000002   PAD
    0x00007914   0x00000040   Code   RO         1010    i.sci_get           sci.o
    0x00007954   0x0000002c   Code   RO         1011    i.sci_increase      sci.o
    0x00007980   0x00000022   Code   RO         1012    i.sci_increase_n    sci.o
    0x000079a2   0x00000002   PAD
    0x000079a4   0x0000009c   Code   RO          946    i.scitoa            caster.o
    0x00007a40   0x0000003c   Code   RO          219    i.set_TC0_1_match   probe_trig.o
    0x00007a7c   0x0000004c   Code   RO         1426    i.sqrt              m_ws.l(sqrt.o)
    0x00007ac8   0x00000036   Code   RO          857    i.stat_get          osc.o
    0x00007afe   0x00000060   Code   RO          858    i.stat_set          osc.o
    0x00007b5e   0x00000002   PAD
    0x00007b60   0x0000043e   Code   RO          859    i.statistics        osc.o
    0x00007f9e   0x00000002   PAD
    0x00007fa0   0x00000078   Code   RO          326    i.uart_check_sw     uart.o
    0x00008018   0x0000012c   Code   RO          327    i.uart_exec_comm    uart.o
    0x00008144   0x0000001c   Code   RO          220    i.unplug            probe_trig.o
    0x00008160   0x0000000c   Code   RO          722    i.wait_delay        lcd.o
    0x0000816c   0x00000062   Code   RO         1285    x$fpl$d2f           fz_ws.l(d2f.o)
    0x000081ce   0x00000002   PAD
    0x000081d0   0x00000150   Code   RO         1287    x$fpl$dadd          fz_ws.l(daddsub_clz.o)
    0x00008320   0x00000010   Code   RO         1463    x$fpl$dcheck1       fz_ws.l(dcheck1.o)
    0x00008330   0x00000018   Code   RO         1381    x$fpl$dcmpinf       fz_ws.l(dcmpi.o)
    0x00008348   0x000002b0   Code   RO         1294    x$fpl$ddiv          fz_ws.l(ddiv.o)
    0x000085f8   0x00000078   Code   RO         1297    x$fpl$deqf          fz_ws.l(deqf.o)
    0x00008670   0x0000005a   Code   RO         1303    x$fpl$dfixu         fz_ws.l(dfixu.o)
    0x000086ca   0x0000002e   Code   RO         1308    x$fpl$dflt          fz_ws.l(dflt_clz.o)
    0x000086f8   0x00000026   Code   RO         1307    x$fpl$dfltu         fz_ws.l(dflt_clz.o)
    0x0000871e   0x00000002   PAD
    0x00008720   0x00000078   Code   RO         1313    x$fpl$dleqf         fz_ws.l(dleqf.o)
    0x00008798   0x00000154   Code   RO         1315    x$fpl$dmul          fz_ws.l(dmul.o)
    0x000088ec   0x0000009c   Code   RO         1383    x$fpl$dnaninf       fz_ws.l(dnaninf.o)
    0x00008988   0x0000000c   Code   RO         1385    x$fpl$dretinf       fz_ws.l(dretinf.o)
    0x00008994   0x0000006c   Code   RO         1317    x$fpl$drleqf        fz_ws.l(drleqf.o)
    0x00008a00   0x00000016   Code   RO         1288    x$fpl$drsb          fz_ws.l(daddsub_clz.o)
    0x00008a16   0x00000002   PAD
    0x00008a18   0x000001cc   Code   RO         1465    x$fpl$dsqrt         fz_ws.l(dsqrt_noumaal.o)
    0x00008be4   0x000001d4   Code   RO         1289    x$fpl$dsub          fz_ws.l(daddsub_clz.o)
    0x00008db8   0x00000056   Code   RO         1319    x$fpl$f2d           fz_ws.l(f2d.o)
    0x00008e0e   0x00000002   PAD
    0x00008e10   0x000000c4   Code   RO         1321    x$fpl$fadd          fz_ws.l(faddsub_clz.o)
    0x00008ed4   0x00000018   Code   RO         1387    x$fpl$fcmpinf       fz_ws.l(fcmpi.o)
    0x00008eec   0x00000036   Code   RO         1327    x$fpl$ffix          fz_ws.l(ffix.o)
    0x00008f22   0x00000002   PAD
    0x00008f24   0x0000003e   Code   RO         1331    x$fpl$ffixu         fz_ws.l(ffixu.o)
    0x00008f62   0x00000002   PAD
    0x00008f64   0x00000030   Code   RO         1336    x$fpl$fflt          fz_ws.l(fflt_clz.o)
    0x00008f94   0x00000026   Code   RO         1335    x$fpl$ffltu         fz_ws.l(fflt_clz.o)
    0x00008fba   0x00000002   PAD
    0x00008fbc   0x00000068   Code   RO         1341    x$fpl$fleqf         fz_ws.l(fleqf.o)
    0x00009024   0x00000102   Code   RO         1343    x$fpl$fmul          fz_ws.l(fmul.o)
    0x00009126   0x0000008c   Code   RO         1389    x$fpl$fnaninf       fz_ws.l(fnaninf.o)
    0x000091b2   0x0000000a   Code   RO         1391    x$fpl$fretinf       fz_ws.l(fretinf.o)
    0x000091bc   0x00000062   Code   RO         1345    x$fpl$frleqf        fz_ws.l(frleqf.o)
    0x0000921e   0x00000014   Code   RO         1322    x$fpl$frsb          fz_ws.l(faddsub_clz.o)
    0x00009232   0x00000002   PAD
    0x00009234   0x000000ea   Code   RO         1323    x$fpl$fsub          fz_ws.l(faddsub_clz.o)
    0x0000931e   0x00000064   Code   RO         1486    x$fpl$retnan        fz_ws.l(retnan.o)
    0x00009382   0x0000005c   Code   RO         1393    x$fpl$scalbn        fz_ws.l(scalbn.o)
    0x000093de   0x00000030   Code   RO         1541    x$fpl$trapveneer    fz_ws.l(trapv.o)
    0x0000940e   0x00000000   Code   RO         1395    x$fpl$usenofp       fz_ws.l(usenofp.o)
    0x0000940e   0x00000004   Data   RO          407    .constdata          chart.o
    0x00009412   0x000005f0   Data   RO          691    .constdata          asciilib.o
    0x00009a02   0x00000002   PAD
    0x00009a04   0x00000019   Data   RO          947    .constdata          caster.o
    0x00009a1d   0x0000000a   Data   RO         1068    .constdata          joystick_landtiger.o
    0x00009a27   0x00000001   PAD
    0x00009a28   0x00000088   Data   RO         1357    .constdata          m_ws.l(pow.o)
    0x00009ab0   0x00000008   Data   RO         1424    .constdata          m_ws.l(qnan.o)
    0x00009ab8   0x00000011   Data   RO          948    .conststring        caster.o
    0x00009ac9   0x00000003   PAD
    0x00009acc   0x00000020   Data   RO         1610    Region$$Table       anon$$obj.o


    Execution Region ER_RW (Base: 0x10000000, Size: 0x000002f0, Max: 0xffffffff, ABSOLUTE, COMPRESSED[0x00000088])

    Base Addr    Size         Type   Attr      Idx    E Section Name        Object

    0x10000000   0x00000050   Data   RW            6    .data               main.o
    0x10000050   0x00000065   Data   RW          134    .data               ad_prober.o
    0x100000b5   0x00000003   PAD
    0x100000b8   0x00000050   Data   RW          221    .data               probe_trig.o
    0x10000108   0x00000008   Data   RW          275    .data               retarget.o
    0x10000110   0x00000054   Data   RW          329    .data               uart.o
    0x10000164   0x00000004   PAD
    0x10000168   0x00000061   Data   RW          408    .data               chart.o
    0x100001c9   0x00000003   PAD
    0x100001cc   0x0000002e   Data   RW          501    .data               gui.o
    0x100001fa   0x00000006   PAD
    0x10000200   0x00000045   Data   RW          597    .data               gui_controller.o
    0x10000245   0x00000003   PAD
    0x10000248   0x00000004   Data   RW          723    .data               lcd.o
    0x1000024c   0x00000004   PAD
    0x10000250   0x00000033   Data   RW          811    .data               config.o
    0x10000283   0x00000005   PAD
    0x10000288   0x00000061   Data   RW          861    .data               osc.o
    0x100002e9   0x00000003   PAD
    0x100002ec   0x00000004   Data   RW         1206    .data               system_lpc17xx.o


    Execution Region ER_ZI (Base: 0x100002f0, Size: 0x00001380, Max: 0xffffffff, ABSOLUTE)

    Base Addr    Size         Type   Attr      Idx    E Section Name        Object

    0x100002f0   0x00000011   Zero   RW          328    .bss                uart.o
    0x10000301   0x00000001   PAD
    0x10000302   0x00000500   Zero   RW          406    .bss                chart.o
    0x10000802   0x00000060   Zero   RW          500    .bss                gui.o
    0x10000862   0x00000002   PAD
    0x10000864   0x00000a3c   Zero   RW          810    .bss                config.o
    0x100012a0   0x00000120   Zero   RW          860    .bss                osc.o
    0x100013c0   0x00000060   Zero   RW         1468    .bss                c_w.l(libspace.o)
    0x10001420   0x00000000   Zero   RW         1192    HEAP                startup_lpc17xx.o
    0x10001420   0x00000250   Zero   RW         1191    STACK               startup_lpc17xx.o


==============================================================================

Image component sizes


      Code (inc. data)   RO Data    RW Data    ZI Data      Debug   Object Name

      1298        100          0        101          0      34005   ad_prober.o
        32          6       1520          0          0       1147   asciilib.o
       610         44         42          0          0       4536   caster.o
      1876        136          4         97       1280       9293   chart.o
        68         14          0         51       2620       4295   config.o
       132         14          0          0          0       1694   gpio_lpc17xx.o
      1514        172          0         46         96      32561   gui.o
      4202        674          0         69          0       9818   gui_controller.o
       164          8         10          0          0       2101   joystick_landtiger.o
     14352         78          0          4          0      37895   lcd.o
       316         30          0         80          0      27740   main.o
      1920         86          0         97        288      11097   osc.o
       252          6          0          0          0        804   pin_lpc17xx.o
       268         34          0         80          0       3236   probe_trig.o
        36          6          0          8          0       2858   retarget.o
       220          6          0          0          0       3754   sci.o
        64         26        204          0        592       1100   startup_lpc17xx.o
       320         18          0          4          0        907   system_lpc17xx.o
       832        214          0         84         17       8218   uart.o

    ----------------------------------------------------------------------
     28496       1672       1818        752       4896     197059   Object Totals
         0          0         32          0          0          0   (incl. Generated)
        20          0          6         31          3          0   (incl. Padding)

    ----------------------------------------------------------------------

      Code (inc. data)   RO Data    RW Data    ZI Data      Debug   Library Member Name

        90          0          0          0          0          0   __dczerorl2.o
         8          0          0          0          0         68   __main.o
       104          0          0          0          0         84   __printf.o
         0          0          0          0          0          0   __rtentry.o
        12          0          0          0          0          0   __rtentry2.o
         6          0          0          0          0          0   __rtentry4.o
        52          8          0          0          0          0   __scatter.o
        28          0          0          0          0          0   __scatter_zi.o
        48          6          0          0          0         96   _printf_char_common.o
        36          4          0          0          0         80   _printf_char_file.o
       120         16          0          0          0         92   _printf_dec.o
       178          0          0          0          0         88   _printf_intcommon.o
         0          0          0          0          0          0   _printf_percent.o
         4          0          0          0          0          0   _printf_percent_end.o
         6          0          0          0          0          0   _printf_u.o
        22          0          0          0          0        100   _rserrno.o
        18          0          0          0          0         80   exit.o
         8          0          0          0          0         68   ferror.o
         6          0          0          0          0        152   heapauxi.o
         2          0          0          0          0          0   libinit.o
         2          0          0          0          0          0   libinit2.o
         2          0          0          0          0          0   libshutdown.o
         2          0          0          0          0          0   libshutdown2.o
         8          4          0          0         96         68   libspace.o
        24          4          0          0          0         84   noretval__2printf.o
         8          4          0          0          0         68   rt_errno_addr_intlibspace.o
        68          0          0          0          0         68   rt_memclr.o
        78          0          0          0          0         80   rt_memclr_w.o
       138          0          0          0          0         68   rt_memcpy_v6.o
       100          0          0          0          0         80   rt_memcpy_w.o
         2          0          0          0          0          0   rtexit.o
        10          0          0          0          0          0   rtexit2.o
       128          0          0          0          0         68   strcmpv7m.o
        72          0          0          0          0         80   strcpy.o
        86          0          0          0          0         76   strncpy.o
        74          0          0          0          0         80   sys_stackheap_outer.o
         2          0          0          0          0         68   use_no_semi.o
        98          4          0          0          0         92   d2f.o
       826         16          0          0          0        348   daddsub_clz.o
        16          4          0          0          0         68   dcheck1.o
        24          0          0          0          0         68   dcmpi.o
       688        140          0          0          0        208   ddiv.o
       120          4          0          0          0         92   deqf.o
        90          4          0          0          0         92   dfixu.o
        84          0          0          0          0        136   dflt_clz.o
       120          4          0          0          0         92   dleqf.o
       340         12          0          0          0        104   dmul.o
       156          4          0          0          0         92   dnaninf.o
        12          0          0          0          0         68   dretinf.o
       108          0          0          0          0         80   drleqf.o
       460         56          0          0          0        120   dsqrt_noumaal.o
        86          4          0          0          0         84   f2d.o
       450          8          0          0          0        236   faddsub_clz.o
        24          0          0          0          0         68   fcmpi.o
        54          4          0          0          0         84   ffix.o
        62          4          0          0          0         84   ffixu.o
        86          0          0          0          0        136   fflt_clz.o
       104          4          0          0          0         84   fleqf.o
       258          4          0          0          0         84   fmul.o
       140          4          0          0          0         84   fnaninf.o
        10          0          0          0          0         68   fretinf.o
        98          0          0          0          0         68   frleqf.o
       100          0          0          0          0         68   retnan.o
        92          0          0          0          0         68   scalbn.o
        48          0          0          0          0         68   trapv.o
         0          0          0          0          0          0   usenofp.o
        62         10          0          0          0        340   dunder.o
        40          0          0          0          0         68   fpclassify.o
       170          0          0          0          0         96   poly.o
      2520        190        136          0          0        324   pow.o
         0          0          8          0          0          0   qnan.o
        76          0          0          0          0         84   sqrt.o

    ----------------------------------------------------------------------
      9202        526        144          0         96       5652   Library Totals
        28          0          0          0          0          0   (incl. Padding)

    ----------------------------------------------------------------------

      Code (inc. data)   RO Data    RW Data    ZI Data      Debug   Library Name

      1552         46          0          0         96       1796   c_w.l
      4754        280          0          0          0       2944   fz_ws.l
      2868        200        144          0          0        912   m_ws.l

    ----------------------------------------------------------------------
      9202        526        144          0         96       5652   Library Totals

    ----------------------------------------------------------------------

==============================================================================


      Code (inc. data)   RO Data    RW Data    ZI Data      Debug   

     37698       2198       1962        752       4992     194907   Grand Totals
     37698       2198       1962        136       4992     194907   ELF Image Totals (compressed)
     37698       2198       1962        136          0          0   ROM Totals

==============================================================================

    Total RO  Size (Code + RO Data)                39660 (  38.73kB)
    Total RW  Size (RW Data + ZI Data)              5744 (   5.61kB)
    Total ROM Size (Code + RO Data + RW Data)      39796 (  38.86kB)

==============================================================================

